19:27:44 **** Incremental Build of configuration Debug for project plc-blinky ****
make -j16 all 
arm-none-eabi-gcc "../Src/eeprom.c" -mcpu=cortex-m3 -std=gnu11 -g3 -DDEBUG -DUSE_HAL_DRIVER -DSTM32F103xB -c -I../Inc -I../Drivers/STM32F1xx_HAL_Driver/Inc/Legacy -I../Drivers/STM32F1xx_HAL_Driver/Inc -I../Drivers/CMSIS/Device/ST/STM32F1xx/Include -I../Drivers/CMSIS/Include -O0 -ffunction-sections -fdata-sections -Wall -fstack-usage -fcyclomatic-complexity -MMD -MP -MF"Src/eeprom.d" -MT"Src/eeprom.o" --specs=nano.specs -mfloat-abi=soft -mthumb -o "Src/eeprom.o"
arm-none-eabi-gcc "../Src/uart_console.c" -mcpu=cortex-m3 -std=gnu11 -g3 -DDEBUG -DUSE_HAL_DRIVER -DSTM32F103xB -c -I../Inc -I../Drivers/STM32F1xx_HAL_Driver/Inc/Legacy -I../Drivers/STM32F1xx_HAL_Driver/Inc -I../Drivers/CMSIS/Device/ST/STM32F1xx/Include -I../Drivers/CMSIS/Include -O0 -ffunction-sections -fdata-sections -Wall -fstack-usage -fcyclomatic-complexity -MMD -MP -MF"Src/uart_console.d" -MT"Src/uart_console.o" --specs=nano.specs -mfloat-abi=soft -mthumb -o "Src/uart_console.o"
arm-none-eabi-gcc -o "plc-blinky.elf" @"objects.list"   -mcpu=cortex-m3 -T"C:\Projects\stm32-mini-plc\firmware\plc-blinky\STM32F103C8TX_FLASH.ld" --specs=nosys.specs -Wl,-Map="plc-blinky.map" -Wl,--gc-sections -static --specs=nano.specs -mfloat-abi=soft -mthumb -Wl,--start-group -lc -lm -Wl,--end-group
Finished building target: plc-blinky.elf
 
arm-none-eabi-size  plc-blinky.elf 
arm-none-eabi-objdump -h -S plc-blinky.elf  > "plc-blinky.list"
   text	   data	    bss	    dec	    hex	filename
  29256	    112	   2584	  31952	   7cd0	plc-blinky.elf
Finished building: default.size.stdout
 
Finished building: plc-blinky.list
 
